// Jest Snapshot v1, https://goo.gl/fbAQLP

exports[`Test block FlowerItem.jsx should render Flower snapshot 1`] = `[Function]`;
